1 COMMENT //
Lex doesn't know what that is!
3 INT int
3 ID main
3 LPAREN (
3 RPAREN )
3 LBRACE {
Lex doesn't know what that is!
4 ID print
4 LPAREN (
4 STRING Hello world!
4 RPAREN )
4 SC ;
Lex doesn't know what that is!
5 ID print
5 LPAREN (
5 STRING Nice bad escape ÿ 
Lex doesn't know what that is!
6 ID in
6 ID an
6 ID unclosed
6 ID string
Error unclosed string
